// Jest Snapshot v1, https://goo.gl/fbAQLP

exports[`Рендеринг первой страницы 1`] = `
<div>
  <h1>
    Калькулятор для химического анализа органических веществ
  </h1>
  <h2>
    По количественным характеристикам продуктов сгорания органического вещества определяет его молекулярную формулу
  </h2>
  <button
    onClick={[Function]}
  >
    Старт
  </button>
</div>
`;
